// Vitest Snapshot v1, https://vitest.dev/guide/snapshot.html

exports[`AgentTimeline header slot (M11 T1.2) > timeline_header_scene_matches_snapshot > timeline-header-scene 1`] = `
"BANNER
[90m•[39m  [3m[2mplanning[22m[23m
[32m●[39m  [1mvitest[22m
[35m● [39mdone"
`;

exports[`AgentTimeline — representative turn (T3.1, roadmap DoD-3) > representative_turn_matches_snapshot > agent-turn 1`] = `
"[90m•[39m  [3m[2minspecting the failing test[22m[23m
[33m⠋[39m  [1mvitest[22m
[32m●[39m  [1meslint[22m
  [2m⎿ [22m0 problems
[35m● [39mAll green now."
`;
